*****************************************************
TMS320C3x/4x COFF Linker        Version 4.70
*****************************************************
Wed Sep  8 18:02:09 1999

OUTPUT FILE NAME:   <fgcmmao.out>
ENTRY POINT SYMBOL: "_c_int00"  address: 00000d4b


MEMORY CONFIGURATION

           name     origin    length      used    attributes    fill
         --------  --------  ---------  --------  ----------  --------
         RAM0      002ff800  000000400  00000000     RWIX      
         RAM1      002ffc00  000000400  00000400     RWIX      
         LOCAL     40000000  000010000  00000000     RWIX      
         GLOBAL    80000000  000020000  00000000     RWIX      


SECTION ALLOCATION MAP

 output                                  attributes/
section   page    origin      length       input sections
--------  ----  ----------  ----------   ----------------
.vector    0    40000000    00000000     UNINITIALIZED

.text      0    00000000    000010aa     
                  00000000    00000b76     video.obj (.text)
                  00000b76    00000000     rts40.lib : ctype.obj (.text)
                  00000b76    00000000               : errno.obj (.text)
                  00000b76    000001d5     fgcmmao.obj (.text)
                  00000d4b    0000001b     rts40.lib : boot.obj (.text)
                  00000d66    00000025               : divi.obj (.text)
                  00000d8b    00000033               : divu.obj (.text)
                  00000dbe    0000000a               : invf.obj (.text)
                  00000dc8    00000022               : modi.obj (.text)
                  00000dea    0000002a               : modu.obj (.text)
                  00000e14    00000016               : sqrt30.obj (.text)
                  00000e2a    00000024               : exit.obj (.text)
                  00000e4e    0000008f               : isxxx.obj (.text)
                  00000edd    000001c1               : memory.obj (.text)
                  0000109e    0000000c               : strlen.obj (.text)

.cinit     0    00000000    00000ac3     
                  00000000    0000098a     video.obj (.cinit)
                  0000098a    0000001f     fgcmmao.obj (.cinit)
                  000009a9    00000003     rts40.lib : errno.obj (.cinit)
                  000009ac    00000006               : exit.obj (.cinit)
                  000009b2    00000003               : isxxx.obj (.cinit)
                  000009b5    0000000a               : memory.obj (.cinit)
                  000009bf    00000103               : ctype.obj (.cinit)
                  00000ac2    00000001     --HOLE-- [fill = 00000000]

.const     0    002ff800    00000000     UNINITIALIZED

.stack     0    002ffc00    00000200     UNINITIALIZED
                  002ffc00    00000000     rts40.lib : boot.obj (.stack)

.sysmem    0    002ffe00    00000200     UNINITIALIZED
                  002ffe00    00000001     rts40.lib : memory.obj (.sysmem)

.bss       0    00000000    00000b8b     UNINITIALIZED
                  00000000    00000955     video.obj (.bss)
                  00000955    00000000     rts40.lib : strlen.obj (.bss)
                  00000955    00000000               : sqrt30.obj (.bss)
                  00000955    00000000               : modu.obj (.bss)
                  00000955    00000000               : modi.obj (.bss)
                  00000955    00000000               : invf.obj (.bss)
                  00000955    00000000               : divu.obj (.bss)
                  00000955    00000000               : divi.obj (.bss)
                  00000955    00000000               : boot.obj (.bss)
                  00000955    0000010d     fgcmmao.obj (.bss)
                  00000a62    00000001     rts40.lib : errno.obj (.bss)
                  00000a63    00000022               : exit.obj (.bss)
                  00000a85    00000001               : isxxx.obj (.bss)
                  00000a86    00000004               : memory.obj (.bss)
                  00000a8a    00000101               : ctype.obj (.bss)

.data      0    002ff800    00000000     UNINITIALIZED
                  002ff800    00000000     video.obj (.data)
                  002ff800    00000000     rts40.lib : ctype.obj (.data)
                  002ff800    00000000               : strlen.obj (.data)
                  002ff800    00000000               : memory.obj (.data)
                  002ff800    00000000               : isxxx.obj (.data)
                  002ff800    00000000               : exit.obj (.data)
                  002ff800    00000000               : errno.obj (.data)
                  002ff800    00000000               : sqrt30.obj (.data)
                  002ff800    00000000               : modu.obj (.data)
                  002ff800    00000000               : modi.obj (.data)
                  002ff800    00000000               : invf.obj (.data)
                  002ff800    00000000               : divu.obj (.data)
                  002ff800    00000000               : divi.obj (.data)
                  002ff800    00000000               : boot.obj (.data)
                  002ff800    00000000     fgcmmao.obj (.data)


GLOBAL SYMBOLS

address  name                             address  name
-------- ----                             -------- ----
00000000 .bss                             00000000 _ccir_esync
002ff800 .data                            00000000 cinit
00000000 .text                            00000000 .bss
00000d66 DIV_I40                          00000000 _video_setup
00000d8b DIV_U40                          00000000 .text
00000dbe INV_F40                          00000040 _rs170_esync
00000dc8 MOD_I40                          00000054 _video_set_adc_lut_entry
00000dea MOD_U40                          00000061 _video_set_adc_lut
00000bc4 _CoeficienteMorfologico          00000078 _video_set_videomask
00000b80 _EsperarSem                      00000080 _ccir_isync
00000957 _Semaforo                        00000082 _video_set_colourreg
00000b76 _SetSemaforo                     0000008c _video_set_videomask_overlay
00000b95 _VecinoMasCercanoMAO             00000096 _video_set_colourreg_overlay
00000200 __STACK_SIZE                     000000a0 _video_set_dac_lut_entry
00000200 __SYSMEM_SIZE                    000000b1 _video_set_dac_lut
00000a8a __ctypes_                        000000c0 _rs170_isync
002ffc00 __stack                          000000d0 _video_set_dac_lut_overlay_entry
002ffe00 __sys_memory                     000000e1 _video_set_dac_lut_overlay
00000e49 _abort                           000000ff _video_check_lock
00000e37 _atexit                          00000100 _charset
0000104e _bmalloc                         00000106 _video_wait_lock
00000955 _bufenteros                      0000013b _video_clear_int_line
00000956 _bufflotantes                    00000141 _video_clear_int_field
00000958 _bufpci                          00000147 _video_clear_ints
00000d4b _c_int00                         00000150 _video_wait_line_event
00000f6e _calloc                          00000155 _video_wait_field_event
00000000 _ccir_esync                      0000015a _video_get_field
00000080 _ccir_isync                      0000015e _video_sync_on_component
00000100 _charset                         00000169 _video_sync_off_component
00000a62 _errno                           00000174 _video_pass_through
00000e2a _exit                            0000017e _video_capture_cont
00000ff2 _free                            0000018a _video_display
00000901 _g_col                           00000194 _video_disable
0000090f _g_line_inc                      000001a0 _video_grab
0000090e _g_pmask                         000001be _video_set_size
00000900 _g_scrn_addr                     000001d1 _video_get_size
00000903 _g_tbcol                         000001e0 _video_set_window
00000902 _g_tcol                          00000200 __SYSMEM_SIZE
00000906 _g_x1                            00000200 __STACK_SIZE
00000908 _g_x2                            00000209 _video_get_window
00000904 _g_xc                            0000021e _video_set_screen_base
0000090a _g_xm                            00000231 _video_get_screen_base
0000090c _g_xs                            00000233 _video_set_colour
00000907 _g_y1                            0000023c _video_get_colour
00000909 _g_y2                            0000023e _video_clear_screen
00000905 _g_yc                            00000254 _video_clear_window
0000090b _g_ym                            0000027a _video_clear_overlay
0000090d _g_ys                            00000291 _video_clear_image
000004d1 _hline                           000002a8 _video_set_pixel
00000910 _iackloc_e                       000002be _video_get_pixel
00000911 _iackloc_o                       000003df _video_plot_line
00000e4e _isalnum                         000004d1 _hline
00000e5a _isalpha                         000004fb _video_circle_solid
00000e66 _isascii                         00000547 _video_circle
00000e71 _iscntrl                         0000061a _video_rect_solid
00000e7d _isdigit                         00000653 _video_rect
00000e89 _isgraph                         0000067e _video_fill
00000e95 _islower                         00000797 _video_get_sprite_size
00000ea1 _isprint                         000007a1 _video_get_sprite
00000ead _ispunct                         000007d3 _video_put_sprite
00000eb9 _isspace                         00000806 _video_home
00000ec5 _isupper                         0000080b _video_set_text_colour
00000ed1 _isxdigit                        00000814 _video_get_text_colour
00000c7c _main                            00000816 _video_set_text_back_colour
00000f37 _malloc                          0000081f _video_get_text_back_colour
00000f30 _minit                           00000821 _video_gotoxy
0000095d _paleta                          00000842 _video_getxy
00000f85 _realloc                         0000084f _video_set_text_scale
00000040 _rs170_esync                     00000868 _video_get_text_scale
000000c0 _rs170_isync                     00000875 _video_outchar
00000959 _semaforo1                       000008e3 _video_outtext
0000095a _semaforo2                       00000900 _g_scrn_addr
0000095b _semaforo3                       00000901 _g_col
0000095c _semaforo4                       00000902 _g_tcol
00000e14 _sqrt                            00000903 _g_tbcol
0000109e _strlen                          00000904 _g_xc
0000017e _video_capture_cont              00000905 _g_yc
000000ff _video_check_lock                00000906 _g_x1
000004fb _video_circle_solid              00000907 _g_y1
00000547 _video_circle                    00000908 _g_x2
00000291 _video_clear_image               00000909 _g_y2
00000141 _video_clear_int_field           0000090a _g_xm
0000013b _video_clear_int_line            0000090b _g_ym
00000147 _video_clear_ints                0000090c _g_xs
0000027a _video_clear_overlay             0000090d _g_ys
0000023e _video_clear_screen              0000090e _g_pmask
00000254 _video_clear_window              0000090f _g_line_inc
00000937 _video_control_reg               00000910 _iackloc_e
00000194 _video_disable                   00000911 _iackloc_o
0000018a _video_display                   00000937 _video_control_reg
0000067e _video_fill                      00000955 _bufenteros
0000023c _video_get_colour                00000956 _bufflotantes
0000015a _video_get_field                 00000957 _Semaforo
000002be _video_get_pixel                 00000958 _bufpci
00000231 _video_get_screen_base           00000959 _semaforo1
000001d1 _video_get_size                  0000095a _semaforo2
000007a1 _video_get_sprite                0000095b _semaforo3
00000797 _video_get_sprite_size           0000095c _semaforo4
0000081f _video_get_text_back_colour      0000095d _paleta
00000814 _video_get_text_colour           00000a62 _errno
00000868 _video_get_text_scale            00000a8a __ctypes_
00000209 _video_get_window                00000b65 _video_printf
00000842 _video_getxy                     00000b76 _SetSemaforo
00000821 _video_gotoxy                    00000b80 _EsperarSem
000001a0 _video_grab                      00000b8b end
00000806 _video_home                      00000b95 _VecinoMasCercanoMAO
00000875 _video_outchar                   00000bc4 _CoeficienteMorfologico
000008e3 _video_outtext                   00000c7c _main
00000174 _video_pass_through              00000d4b _c_int00
000003df _video_plot_line                 00000d66 DIV_I40
00000b65 _video_printf                    00000d8b DIV_U40
000007d3 _video_put_sprite                00000dbe INV_F40
00000653 _video_rect                      00000dc8 MOD_I40
0000061a _video_rect_solid                00000dea MOD_U40
00000054 _video_set_adc_lut_entry         00000e14 _sqrt
00000061 _video_set_adc_lut               00000e2a _exit
00000233 _video_set_colour                00000e37 _atexit
00000082 _video_set_colourreg             00000e49 _abort
00000096 _video_set_colourreg_overlay     00000e4e _isalnum
000000b1 _video_set_dac_lut               00000e5a _isalpha
000000a0 _video_set_dac_lut_entry         00000e66 _isascii
000000d0 _video_set_dac_lut_overlay_entry 00000e71 _iscntrl
000000e1 _video_set_dac_lut_overlay       00000e7d _isdigit
000002a8 _video_set_pixel                 00000e89 _isgraph
0000021e _video_set_screen_base           00000e95 _islower
000001be _video_set_size                  00000ea1 _isprint
00000816 _video_set_text_back_colour      00000ead _ispunct
0000080b _video_set_text_colour           00000eb9 _isspace
0000084f _video_set_text_scale            00000ec5 _isupper
0000008c _video_set_videomask_overlay     00000ed1 _isxdigit
00000078 _video_set_videomask             00000f30 _minit
000001e0 _video_set_window                00000f37 _malloc
00000000 _video_setup                     00000f6e _calloc
00000169 _video_sync_off_component        00000f85 _realloc
0000015e _video_sync_on_component         00000ff2 _free
00000155 _video_wait_field_event          0000104e _bmalloc
00000150 _video_wait_line_event           0000109e _strlen
00000106 _video_wait_lock                 000010aa etext
00000000 cinit                            002ff800 .data
002ff800 edata                            002ff800 edata
00000b8b end                              002ffc00 __stack
000010aa etext                            002ffe00 __sys_memory

[142 symbols]
